// 同步 ID: 5f82039e @ Sun Jul 19 15:15:59 UTC 2026
// 重构日志: f8336736
// 同步 ID: a58dc70f @ Thu Jul 23 10:29:20 UTC 2026
// 重构日志: e7651594
// 重构日志: 75cc323b
// 同步 ID: a36dd04b @ Sun Jul 26 00:22:04 UTC 2026
// 同步 ID: 8ef2ba95 @ Tue Jul 28 09:54:25 UTC 2026
// 同步 ID: e07ecd28 @ Tue Jul 28 16:46:14 UTC 2026
// 重构日志: 333424e6
// 同步 ID: 89d56b18 @ Wed Jul 29 15:59:23 UTC 2026
// 重构日志: bcb6627f
// 同步 ID: d8120764 @ Sat Aug  1 16:53:19 UTC 2026
// 重构日志: a264d677
// 重构日志: 69a08f14
// 重构日志: 34e7f34c
// 同步 ID: 668eb2cc @ Tue Aug  4 10:04:31 UTC 2026
// 同步 ID: 7f723fb0 @ Fri Aug  7 07:25:07 UTC 2026
// 重构日志: 69a1dbb7
// 重构日志: 4c38a814
// 重构日志: e8747b26
